Name                                                                                    Stmts   Miss  Cover   Missing
---------------------------------------------------------------------------------------------------------------------
internal\application\__init__.py                                                            0      0   100%
internal\application\service\__init__.py                                                    0      0   100%
internal\application\service\healthcheck\__init__.py                                        0      0   100%
internal\application\service\healthcheck\service.py                                        15      0   100%
internal\application\service\healthcheck\test_get_status.py                                13      0   100%
internal\application\service\healthcheck\test_service_fixtures.py                          10      0   100%
internal\application\service\user\__init__.py                                               0      0   100%
internal\application\service\user\service.py                                               18      0   100%
internal\application\service\user\test_create.py                                           18      0   100%
internal\application\service\user\test_delete.py                                           16      0   100%
internal\application\service\user\test_get_all.py                                          21      0   100%
internal\application\service\user\test_get_by_id.py                                        15      0   100%
internal\application\service\user\test_service_fixtures.py                                 15      0   100%
internal\application\service\user\test_update.py                                           17      0   100%
internal\infrastructure\__init__.py                                                         0      0   100%
internal\infrastructure\env\__init__.py                                                     0      0   100%
internal\infrastructure\env\env.py                                                          7      0   100%
internal\infrastructure\env\test_env.py                                                    10      0   100%
internal\infrastructure\env\test_env_fixtures.py                                           10      0   100%
internal\infrastructure\__init__.py                                                 0      0   100%
internal\infrastructure\datastore\__init__.py                                       0      0   100%
internal\infrastructure\datastore\base.py                                           2      0   100%
internal\infrastructure\datastore\datastore.py                                     12     12     0%   1-16
internal\infrastructure\datastore\persistent_entity\__init__.py                      0      0   100%
internal\infrastructure\datastore\persistent_entity\user.py                         17      0   100%
internal\infrastructure\datastore\persistent_entity\user_factory.py                 14      0   100%
internal\infrastructure\datastore\repository\__init__.py                            0      0   100%
internal\infrastructure\datastore\repository\user\__init__.py                       0      0   100%
internal\infrastructure\datastore\repository\user\repository.py                    35      0   100%
internal\infrastructure\datastore\repository\user\test_create.py                   10      0   100%
internal\infrastructure\datastore\repository\user\test_delete.py                   32      0   100%
internal\infrastructure\datastore\repository\user\test_get_all.py                  18      0   100%
internal\infrastructure\datastore\repository\user\test_get_by_id.py                19      0   100%
internal\infrastructure\datastore\repository\user\test_repository_fixtures.py      14      0   100%
internal\infrastructure\datastore\repository\user\test_update.py                   31      0   100%
---------------------------------------------------------------------------------------------------------------------
TOTAL                                                                                     389     12    97%
